C51 COMPILER V9.54   FOLLOW                                                                09/10/2022 11:13:21 PAGE 1   


C51 COMPILER V9.54, COMPILATION OF MODULE FOLLOW
OBJECT MODULE PLACED IN .\Objects\follow.obj
COMPILER INVOKED BY: D:\51\keil5\C51\BIN\C51.EXE follow.c OPTIMIZE(8,SPEED) BROWSE DEBUG OBJECTEXTEND PRINT(.\Listings\f
                    -ollow.lst) TABS(2) OBJECT(.\Objects\follow.obj)

line level    source

   1          #include <REGX52.H>
   2          #include "Delay10us.h"
   3          #include "IR.h"
   4          #include "move.h"
   5          #include "Timer2.h"
   6          sbit Trig=P2^1;
   7          sbit Echo=P2^0;
   8          sbit IN1=P1^2;
   9          sbit IN2=P1^3;
  10          sbit IN3=P1^4;
  11          sbit IN4=P1^5;
  12          sbit liftavoid=P3^4;
  13          sbit rightavoid=P3^5;
  14          unsigned char follow()
  15          {
  16   1        unsigned char num=1;
  17   1        static unsigned char key=1;
  18   1        static unsigned char command;
  19   1        unsigned int time;
  20   1        unsigned int S;
  21   1        Timer2_Init();
  22   1        if(IR_GetDataFlag())
  23   1        {
  24   2          command=IR_GetCommand();
  25   2          if(command==stop)
  26   2          {
  27   3            if(key==1)
  28   3            {
  29   4              key=0;
  30   4              move(5,0);
  31   4            }
  32   3            else key=1;
  33   3          }
  34   2          if(command==EQ)
  35   2          {
  36   3            num=0;
  37   3            key=1;//退出状态重置
  38   3          }
  39   2        }
  40   1        else
  41   1        {
  42   2          if(key==1)
  43   2          {
  44   3            Trig=1;
  45   3            Delay10us(2);
  46   3            Trig=0;
  47   3            while(!Echo) ;
  48   3            TR2=1;//定时器2启动
  49   3            while(Echo) ;
  50   3            TR2=0;
  51   3            time=TH2*256+TL2;
  52   3            TH2=0;
  53   3            TL2=0;
  54   3            S=(time*1.7)/100;//单位为cm
C51 COMPILER V9.54   FOLLOW                                                                09/10/2022 11:13:21 PAGE 2   

  55   3            if(S>23&&S<400)
  56   3            {
  57   4              //LED(1);
  58   4              IN1=1;//前进用不了move函数
  59   4              IN2=0;
  60   4              IN3=1;
  61   4              IN4=0;
  62   4              //move(1,70);
  63   4            }
  64   3            else
  65   3            {
  66   4              if(S>0&&S<13)
  67   4              {
  68   5                //LED(2);
  69   5                IN1=0;//后退
  70   5                IN2=1;
  71   5                IN3=0;
  72   5                IN4=1;
  73   5              }
  74   4              if(S>13&&S<23)
  75   4              {
  76   5                //LED(3);
  77   5                move(5,0);//停止
  78   5              }
  79   4            }
  80   3            if(liftavoid==0&&rightavoid==1)//左有杂物要右转
  81   3            {
  82   4              IN1=1;//右转
  83   4              IN2=0;
  84   4              IN3=0;
  85   4              IN4=1;
  86   4            }
  87   3            if(liftavoid==1&&rightavoid==0) //右有杂物要左转
  88   3            {
  89   4              IN1=0;//左转
  90   4              IN2=1;
  91   4              IN3=1;
  92   4              IN4=0;
  93   4            }
  94   3            
  95   3          }
  96   2          else
  97   2          {
  98   3            move(5,0);
  99   3          }
 100   2        }
 101   1        return num; 
 102   1      }


MODULE INFORMATION:   STATIC OVERLAYABLE
   CODE SIZE        =    252    ----
   CONSTANT SIZE    =   ----    ----
   XDATA SIZE       =   ----    ----
   PDATA SIZE       =   ----    ----
   DATA SIZE        =      2       1
   IDATA SIZE       =   ----    ----
   BIT SIZE         =   ----    ----
END OF MODULE INFORMATION.


C51 COMPILATION COMPLETE.  0 WARNING(S),  0 ERROR(S)
